
Memory Configuration

Name             Origin             Length             Attributes
FLASH            0x08000000         0x00020000         xr
SRAM             0x20000000         0x00005000         xrw
*default*        0x00000000         0xffffffff

Linker script and memory map


.text           0x08000000      0x18c
 *(.vectors*)
 .vectors       0x08000000       0x1c startup.o
                0x08000000                vector_handler
 *(.text*)
 .text          0x0800001c       0xd8 main.o
                0x0800001c                clock_init
                0x0800006c                main
 .text          0x080000f4       0x98 startup.o
                0x080000f4                reset_handler
                0x08000180                Bus_Fault_Handler
                0x08000180                MM_Fault_Handler
                0x08000180                Usage_Fault_Handler
                0x08000180                Hard_Fault_Handler
                0x08000180                Default_handler
                0x08000180                NMI_Handler
 *(.rodata*)
                0x0800018c                . = ALIGN (0x4)
                0x0800018c                _E_TEXT = .

.glue_7         0x0800018c        0x0
 .glue_7        0x0800018c        0x0 linker stubs

.glue_7t        0x0800018c        0x0
 .glue_7t       0x0800018c        0x0 linker stubs

.vfp11_veneer   0x0800018c        0x0
 .vfp11_veneer  0x0800018c        0x0 linker stubs

.v4_bx          0x0800018c        0x0
 .v4_bx         0x0800018c        0x0 linker stubs

.iplt           0x0800018c        0x0
 .iplt          0x0800018c        0x0 main.o

.rel.dyn        0x0800018c        0x0
 .rel.iplt      0x0800018c        0x0 main.o

.data           0x20000000        0x0 load address 0x0800018c
                0x20000000                _S_DATA = .
 *(.data*)
 .data          0x20000000        0x0 main.o
 .data          0x20000000        0x0 startup.o
                0x20000000                . = ALIGN (0x4)
                0x20000000                _E_DATA = .

.igot.plt       0x20000000        0x0 load address 0x0800018c
 .igot.plt      0x20000000        0x0 main.o

.bss            0x20000000        0x0 load address 0x0800018c
                0x20000000                _S_BSS = .
 *(.bss*)
 .bss           0x20000000        0x0 main.o
 .bss           0x20000000        0x0 startup.o
                0x20000000                . = ALIGN (0x4)
                0x20000000                _E_BSS = .
                0x20001000                . = (. + 0x1000)
                0x20001000                _stack_top = .
LOAD main.o
LOAD startup.o
OUTPUT(learn-in-depth.elf elf32-littlearm)

.debug_info     0x00000000      0x23e
 .debug_info    0x00000000       0xc8 main.o
 .debug_info    0x000000c8      0x176 startup.o

.debug_abbrev   0x00000000      0x159
 .debug_abbrev  0x00000000       0x81 main.o
 .debug_abbrev  0x00000081       0xd8 startup.o

.debug_loc      0x00000000       0xf8
 .debug_loc     0x00000000       0x7c main.o
 .debug_loc     0x0000007c       0x7c startup.o

.debug_aranges  0x00000000       0x40
 .debug_aranges
                0x00000000       0x20 main.o
 .debug_aranges
                0x00000020       0x20 startup.o

.debug_line     0x00000000      0x1c9
 .debug_line    0x00000000       0x7e main.o
 .debug_line    0x0000007e      0x14b startup.o

.debug_str      0x00000000      0x1a4
 .debug_str     0x00000000      0x123 main.o
                                0x14a (size before relaxing)
 .debug_str     0x00000123       0x81 startup.o
                                0x1b6 (size before relaxing)

.comment        0x00000000       0x7e
 .comment       0x00000000       0x7e main.o
                                 0x7f (size before relaxing)
 .comment       0x0000007e       0x7f startup.o

.ARM.attributes
                0x00000000       0x33
 .ARM.attributes
                0x00000000       0x33 main.o
 .ARM.attributes
                0x00000033       0x33 startup.o

.debug_frame    0x00000000       0xa0
 .debug_frame   0x00000000       0x50 main.o
 .debug_frame   0x00000050       0x50 startup.o
